Copyright 1986-2019 Xilinx, Inc. All Rights Reserved.
--------------------------------------------------------------------------------------
| Tool Version : Vivado v.2019.2 (win64) Build 2708876 Wed Nov  6 21:40:23 MST 2019
| Date         : Tue Dec 10 00:37:19 2019
| Host         : DESKTOP-KOEBDED running 64-bit major release  (build 9200)
| Command      : report_control_sets -verbose -file riscv_top_control_sets_placed.rpt
| Design       : riscv_top
| Device       : xc7a35t
--------------------------------------------------------------------------------------

Control Set Information

Table of Contents
-----------------
1. Summary
2. Histogram
3. Flip-Flop Distribution
4. Detailed Control Set Information

1. Summary
----------

+----------------------------------------------------------+-------+
|                          Status                          | Count |
+----------------------------------------------------------+-------+
| Total control sets                                       |   207 |
|    Minimum number of control sets                        |    92 |
|    Addition due to synthesis replication                 |     0 |
|    Addition due to physical synthesis replication        |   115 |
| Unused register locations in slices containing registers |   474 |
+----------------------------------------------------------+-------+
* Control sets can be merged at opt_design using control_set_merge or merge_equivalent_drivers
** Run report_qor_suggestions for automated merging and remapping suggestions


2. Histogram
------------

+--------------------+-------+
|       Fanout       | Count |
+--------------------+-------+
| Total control sets |   207 |
| >= 0 to < 4        |    17 |
| >= 4 to < 6        |    50 |
| >= 6 to < 8        |    32 |
| >= 8 to < 10       |    17 |
| >= 10 to < 12      |     4 |
| >= 12 to < 14      |    33 |
| >= 14 to < 16      |     9 |
| >= 16              |    45 |
+--------------------+-------+
* Control sets can be remapped at either synth_design or opt_design


3. Flip-Flop Distribution
-------------------------

+--------------+-----------------------+------------------------+-----------------+--------------+
| Clock Enable | Synchronous Set/Reset | Asynchronous Set/Reset | Total Registers | Total Slices |
+--------------+-----------------------+------------------------+-----------------+--------------+
| No           | No                    | No                     |              17 |           13 |
| No           | No                    | Yes                    |              39 |           22 |
| No           | Yes                   | No                     |             604 |          208 |
| Yes          | No                    | No                     |              90 |           32 |
| Yes          | No                    | Yes                    |              34 |           11 |
| Yes          | Yes                   | No                     |            1654 |          738 |
+--------------+-----------------------+------------------------+-----------------+--------------+


4. Detailed Control Set Information
-----------------------------------

+-------------------------+---------------------------------------------------------------------+-----------------------------------------------------+------------------+----------------+
|       Clock Signal      |                            Enable Signal                            |                   Set/Reset Signal                  | Slice Load Count | Bel Load Count |
+-------------------------+---------------------------------------------------------------------+-----------------------------------------------------+------------------+----------------+
|  clk_inst/inst/clk_out1 | cpu0/mem_ctrl0/CEA2                                                 | rst                                                 |                1 |              1 |
|  clk_inst/inst/clk_out1 | cpu0/mem_wb0/wb_rd_addr_reg[0]_0[0]                                 | rst_repN_5                                          |                1 |              1 |
|  clk_inst/inst/clk_out1 | hci0/uart_blk/uart_rx_fifo/q_empty_reg_1[1]                         | rst                                                 |                1 |              2 |
|  clk_inst/inst/clk_out1 | cpu0/mem_wb0/wb_rd_enable_reg_0[0]                                  | rst_repN_6                                          |                2 |              2 |
|  clk_inst/inst/clk_out1 | cpu0/mem_wb0/wb_rd_enable_reg_8[0]                                  | rst_repN_5                                          |                2 |              2 |
|  clk_inst/inst/clk_out1 | cpu0/mem_wb0/wb_rd_addr_reg[0]_3[0]                                 | rst_repN_5                                          |                1 |              3 |
|  clk_inst/inst/clk_out1 | cpu0/mem_wb0/wb_rd_addr_reg[0]_2[0]                                 | rst_repN_5                                          |                3 |              3 |
|  clk_inst/inst/clk_out1 | cpu0/mem_wb0/wb_rd_addr_reg[2]_6[0]                                 | rst_repN_5                                          |                2 |              3 |
|  clk_inst/inst/clk_out1 | cpu0/mem_ctrl0/cache1/p_1_in                                        | rst_repN_3                                          |                3 |              3 |
|  clk_inst/inst/clk_out1 | hci0/uart_blk/uart_tx_fifo/wr_en_prot                               | rst_repN_2                                          |                2 |              3 |
|  clk_inst/inst/clk_out1 | cpu0/mem_wb0/wb_rd_addr_reg[2]_5[0]                                 | rst_repN_5                                          |                2 |              3 |
|  clk_inst/inst/clk_out1 | cpu0/mem_wb0/wb_rd_addr_reg[2]_8[0]                                 | rst_repN_5                                          |                2 |              3 |
|  clk_inst/inst/clk_out1 | hci0/uart_blk/uart_rx_fifo/q_empty_reg_1[0]                         | rst                                                 |                2 |              3 |
|  clk_inst/inst/clk_out1 | cpu0/mem_wb0/wb_rd_addr_reg[1]_5[0]                                 | rst_repN_5                                          |                3 |              3 |
|  clk_inst/inst/clk_out1 | cpu0/mem_wb0/wb_rd_addr_reg[2]_4[0]                                 | rst_repN_5                                          |                1 |              3 |
|  clk_inst/inst/clk_out1 | cpu0/mem_wb0/wb_rd_enable_reg_6[0]                                  | rst_repN_5                                          |                2 |              3 |
|  clk_inst/inst/clk_out1 | cpu0/mem_wb0/wb_rd_addr_reg[2]_2[0]                                 | rst_repN_6                                          |                1 |              3 |
|  clk_inst/inst/clk_out1 | hci0/uart_blk/uart_tx_blk/d_baud_clk_tick_cnt                       | rst_repN_2                                          |                2 |              4 |
|  clk_inst/inst/clk_out1 | hci0/uart_blk/uart_rx_blk/d_oversample_tick_cnt                     | rst_repN_2                                          |                2 |              4 |
|  clk_inst/inst/clk_out1 | cpu0/mem_wb0/wb_rd_addr_reg[1]_0[0]                                 | rst_repN_6                                          |                3 |              4 |
|  clk_inst/inst/clk_out1 | cpu0/mem_wb0/wb_rd_enable_reg_5[0]                                  | rst_repN_5                                          |                2 |              4 |
|  clk_inst/inst/clk_out1 | cpu0/mem_wb0/wb_rd_enable_reg_4[0]                                  | rst_repN_5                                          |                3 |              4 |
|  clk_inst/inst/clk_out1 | cpu0/mem_wb0/wb_rd_enable_reg_2[0]                                  | rst_repN_4                                          |                3 |              4 |
|  clk_inst/inst/clk_out1 | cpu0/mem_wb0/wb_rd_addr_reg[1]_3[0]                                 | rst_repN_4                                          |                3 |              4 |
|  clk_inst/inst/clk_out1 | cpu0/mem_wb0/wb_rd_addr_reg[2]_7[0]                                 | rst_repN_5                                          |                4 |              4 |
|  clk_inst/inst/clk_out1 | cpu0/mem_wb0/wb_rd_addr_reg[1]_3[0]                                 | rst_repN_6                                          |                2 |              4 |
|  clk_inst/inst/clk_out1 | cpu0/mem_wb0/wb_rd_addr_reg[1]_1[0]                                 | rst_repN_4                                          |                2 |              4 |
|  clk_inst/inst/clk_out1 | cpu0/mem_wb0/wb_rd_addr_reg[1]_1[0]                                 | rst_repN_5                                          |                2 |              4 |
|  clk_inst/inst/clk_out1 | cpu0/mem_wb0/wb_rd_addr_reg[1]_4[0]                                 | rst_repN_4                                          |                4 |              4 |
|  clk_inst/inst/clk_out1 | cpu0/mem_wb0/wb_rd_enable_reg_3[0]                                  | rst_repN_4                                          |                3 |              4 |
|  clk_inst/inst/clk_out1 | cpu0/mem_wb0/wb_rd_addr_reg[1]_2[0]                                 | rst_repN_5                                          |                2 |              4 |
|  clk_inst/inst/clk_out1 | cpu0/mem_wb0/wb_rd_addr_reg[2]_8[0]                                 | rst_repN_6                                          |                2 |              4 |
|  clk_inst/inst/clk_out1 | cpu0/mem_wb0/wb_rd_addr_reg[2]_0[0]                                 | rst_repN_5                                          |                2 |              4 |
|  clk_inst/inst/clk_out1 | cpu0/mem_wb0/wb_rd_enable_reg_5[0]                                  | rst_repN_4                                          |                3 |              4 |
|  clk_inst/inst/clk_out1 | cpu0/mem_wb0/wb_rd_enable_reg_0[0]                                  | rst_repN_4                                          |                1 |              4 |
|  clk_inst/inst/clk_out1 | cpu0/mem_wb0/wb_rd_addr_reg[2]_6[0]                                 | rst_repN_4                                          |                3 |              5 |
|  clk_inst/inst/clk_out1 | cpu0/mem_wb0/wb_rd_addr_reg[2]_6[0]                                 | rst_repN_6                                          |                1 |              5 |
|  clk_inst/inst/clk_out1 | cpu0/mem_wb0/wb_rd_enable_reg_1[0]                                  | rst_repN_4                                          |                1 |              5 |
|  clk_inst/inst/clk_out1 | cpu0/mem_wb0/E[0]                                                   | rst_repN_5                                          |                2 |              5 |
|  clk_inst/inst/clk_out1 | cpu0/mem_wb0/wb_rd_addr_reg[1]_6[0]                                 | rst_repN_4                                          |                2 |              5 |
|  clk_inst/inst/clk_out1 | cpu0/mem_wb0/wb_rd_addr_reg[1]_6[0]                                 | rst_repN_5                                          |                3 |              5 |
|  clk_inst/inst/clk_out1 | cpu0/mem_wb0/wb_rd_addr_reg[2]_1[0]                                 | rst_repN_5                                          |                4 |              5 |
|  clk_inst/inst/clk_out1 | cpu0/mem_wb0/wb_rd_enable_reg_6[0]                                  | rst_repN_6                                          |                3 |              5 |
|  clk_inst/inst/clk_out1 | cpu0/mem_wb0/wb_rd_addr_reg[1]_5[0]                                 | rst_repN_4                                          |                2 |              5 |
|  clk_inst/inst/clk_out1 | cpu0/mem_wb0/wb_rd_addr_reg[2]_2[0]                                 | rst_repN_4                                          |                2 |              5 |
|  clk_inst/inst/clk_out1 | hci0/uart_blk/uart_rx_blk/q_state[4]_i_1__0_n_0                     | rst_repN_2                                          |                1 |              5 |
|  clk_inst/inst/clk_out1 | cpu0/mem_wb0/wb_rd_addr_reg[2]_0[0]                                 | rst_repN_4                                          |                2 |              5 |
|  clk_inst/inst/clk_out1 | cpu0/mem_wb0/wb_rd_addr_reg[1]_0[0]                                 | rst_repN_4                                          |                1 |              5 |
|  clk_inst/inst/clk_out1 | cpu0/mem_wb0/wb_rd_addr_reg[0]_1[0]                                 | rst_repN_4                                          |                3 |              5 |
|  clk_inst/inst/clk_out1 | cpu0/mem_wb0/wb_rd_addr_reg[0]_1[0]                                 | rst_repN_5                                          |                3 |              5 |
|  clk_inst/inst/clk_out1 | cpu0/mem_wb0/wb_rd_enable_reg_7[0]                                  | rst_repN_4                                          |                1 |              5 |
|  clk_inst/inst/clk_out1 | cpu0/mem_wb0/wb_rd_enable_reg_7[0]                                  | rst_repN_6                                          |                2 |              5 |
|  clk_inst/inst/clk_out1 | cpu0/mem_wb0/wb_rd_addr_reg[2]_5[0]                                 | rst_repN_4                                          |                2 |              5 |
|  clk_inst/inst/clk_out1 | cpu0/mem_wb0/wb_rd_enable_reg_8[0]                                  | rst_repN_4                                          |                2 |              5 |
|  clk_inst/inst/clk_out1 | cpu0/mem_wb0/wb_rd_addr_reg[2]_5[0]                                 | rst_repN_6                                          |                2 |              5 |
|  clk_inst/inst/clk_out1 | cpu0/mem_wb0/wb_rd_addr_reg[1]_6[0]                                 | rst_repN_6                                          |                3 |              5 |
|  clk_inst/inst/clk_out1 | cpu0/mem_wb0/wb_rd_addr_reg[3]_0[0]                                 | rst_repN_4                                          |                3 |              5 |
|  clk_inst/inst/clk_out1 | cpu0/mem_wb0/wb_rd_addr_reg[2]_8[0]                                 | rst_repN_4                                          |                3 |              5 |
|  clk_inst/inst/clk_out1 | hci0/uart_blk/uart_rx_fifo/q_empty_reg_1[0]                         | rst_repN                                            |                4 |              5 |
|  clk_inst/inst/clk_out1 | cpu0/mem_wb0/wb_rd_addr_reg[1]_4[0]                                 | rst_repN_6                                          |                2 |              5 |
|  clk_inst/inst/clk_out1 | cpu0/mem_wb0/wb_rd_addr_reg[2]_7[0]                                 | rst_repN_4                                          |                2 |              5 |
|  clk_inst/inst/clk_out1 | cpu0/mem_wb0/wb_rd_addr_reg[0]_2[0]                                 | rst_repN_6                                          |                2 |              5 |
|  clk_inst/inst/clk_out1 | cpu0/mem_wb0/wb_rd_enable_reg_6[0]                                  | rst_repN_4                                          |                2 |              5 |
|  clk_inst/inst/clk_out1 | cpu0/mem_wb0/wb_rd_addr_reg[1]_4[0]                                 | rst_repN_5                                          |                4 |              5 |
|  clk_inst/inst/clk_out1 | hci0/uart_blk/uart_tx_blk/q_state[4]_i_1_n_0                        | rst_repN_2                                          |                2 |              5 |
|  clk_inst/inst/clk_out1 | cpu0/mem_wb0/wb_rd_addr_reg[2]_1[0]                                 | rst_repN_4                                          |                2 |              5 |
|  clk_inst/inst/clk_out1 | cpu0/mem_ctrl0/CEA2                                                 | rst_repN_1                                          |                2 |              5 |
|  clk_inst/inst/clk_out1 | cpu0/mem_wb0/wb_rd_addr_reg[0]_3[0]                                 | rst_repN_6                                          |                2 |              6 |
|  clk_inst/inst/clk_out1 | cpu0/mem_wb0/wb_rd_enable_reg_5[0]                                  | rst_repN_6                                          |                1 |              6 |
|  clk_inst/inst/clk_out1 | cpu0/mem_wb0/wb_rd_enable_reg_1[0]                                  | rst_repN_5                                          |                4 |              6 |
|  clk_inst/inst/clk_out1 | cpu0/mem_wb0/wb_rd_addr_reg[1]_5[0]                                 | rst_repN_6                                          |                2 |              6 |
|  clk_inst/inst/clk_out1 | cpu0/mem_wb0/wb_rd_enable_reg_1[0]                                  | rst_repN_6                                          |                2 |              6 |
|  clk_inst/inst/clk_out1 | cpu0/mem_wb0/wb_rd_addr_reg[0]_2[0]                                 | rst_repN_4                                          |                4 |              6 |
|  clk_inst/inst/clk_out1 | cpu0/mem_wb0/wb_rd_addr_reg[2]_1[0]                                 | rst_repN_6                                          |                2 |              6 |
|  clk_inst/inst/clk_out1 | cpu0/mem_wb0/wb_rd_addr_reg[3]_0[0]                                 | rst_repN_5                                          |                3 |              6 |
|  clk_inst/inst/clk_out1 | cpu0/mem_wb0/wb_rd_addr_reg[3]_0[0]                                 | rst_repN_6                                          |                1 |              6 |
|  clk_inst/inst/clk_out1 | cpu0/mem_wb0/wb_rd_addr_reg[2]_7[0]                                 | rst_repN_6                                          |                2 |              6 |
|  clk_inst/inst/clk_out1 | cpu0/mem_wb0/wb_rd_addr_reg[1]_3[0]                                 | rst_repN_5                                          |                3 |              6 |
|  clk_inst/inst/clk_out1 | cpu0/mem_wb0/wb_rd_addr_reg[1]_2[0]                                 | rst_repN_4                                          |                3 |              6 |
|  clk_inst/inst/clk_out1 | cpu0/mem_wb0/wb_rd_addr_reg[2]_4[0]                                 | rst_repN_4                                          |                5 |              6 |
|  clk_inst/inst/clk_out1 | cpu0/mem_wb0/E[0]                                                   | rst_repN_4                                          |                3 |              6 |
|  clk_inst/inst/clk_out1 | cpu0/mem_wb0/E[0]                                                   | rst_repN_6                                          |                2 |              6 |
|  clk_inst/inst/clk_out1 | cpu0/mem_wb0/wb_rd_enable_reg_3[0]                                  | rst_repN_5                                          |                4 |              6 |
|  clk_inst/inst/clk_out1 | cpu0/mem_wb0/wb_rd_enable_reg_3[0]                                  | rst_repN_6                                          |                1 |              6 |
|  clk_inst/inst/clk_out1 | cpu0/mem_wb0/wb_rd_addr_reg[0]_1[0]                                 | rst_repN_6                                          |                3 |              6 |
|  clk_inst/inst/clk_out1 | cpu0/mem_wb0/wb_rd_enable_reg_2[0]                                  | rst_repN_6                                          |                2 |              6 |
|  clk_inst/inst/clk_out1 | cpu0/mem_wb0/wb_rd_enable_reg_4[0]                                  | rst_repN_4                                          |                2 |              6 |
|  clk_inst/inst/clk_out1 | cpu0/mem_wb0/wb_rd_addr_reg[2]_3[0]                                 | rst_repN_4                                          |                3 |              7 |
|  clk_inst/inst/clk_out1 | cpu0/mem_wb0/wb_rd_addr_reg[2]_4[0]                                 | rst_repN_6                                          |                3 |              7 |
|  clk_inst/inst/clk_out1 | cpu0/mem_wb0/wb_rd_enable_reg_7[0]                                  | rst_repN_5                                          |                3 |              7 |
|  clk_inst/inst/clk_out1 | cpu0/mem_wb0/wb_rd_addr_reg[0]_0[0]                                 | rst_repN_4                                          |                2 |              7 |
|  clk_inst/inst/clk_out1 | hci0/uart_blk/uart_rx_fifo/q_empty_reg_1[1]                         | rst_repN                                            |                2 |              7 |
|  clk_inst/inst/clk_out1 | cpu0/mem_wb0/wb_rd_enable_reg_2[0]                                  | rst_repN_5                                          |                4 |              7 |
|  clk_inst/inst/clk_out1 | cpu0/mem_wb0/wb_rd_enable_reg_8[0]                                  | rst_repN_6                                          |                3 |              7 |
|  clk_inst/inst/clk_out1 | cpu0/mem_wb0/wb_rd_addr_reg[2]_3[0]                                 | rst_repN_6                                          |                3 |              7 |
|  clk_inst/inst/clk_out1 | hci0/uart_blk/uart_tx_fifo/wr_en_prot                               | rst_repN                                            |                3 |              7 |
|  clk_inst/inst/clk_out1 | cpu0/mem_wb0/wb_rd_addr_reg[0]_3[0]                                 | rst_repN_4                                          |                5 |              7 |
|  clk_inst/inst/clk_out1 | cpu0/mem_wb0/wb_rd_enable_reg_4[0]                                  | rst_repN_6                                          |                1 |              7 |
|  clk_inst/inst/clk_out1 | cpu0/mem_wb0/wb_rd_addr_reg[2]_0[0]                                 | rst_repN_6                                          |                3 |              7 |
|  clk_inst/inst/clk_out1 |                                                                     | cpu0/mem_ctrl0/rst_reg[0]                           |                4 |              8 |
|  clk_inst/inst/clk_out1 |                                                                     | hci0/uart_blk/uart_rx_fifo/SR[0]                    |                5 |              8 |
|  clk_inst/inst/clk_out1 | hci0/uart_blk/uart_tx_fifo/q_empty_reg_0                            | rst                                                 |                4 |              8 |
|  clk_inst/inst/clk_out1 | hci0/uart_blk/uart_tx_fifo/q_decode_cnt_reg[0]                      | rst                                                 |                6 |              8 |
|  clk_inst/inst/clk_out1 | cpu0/mem_wb0/wb_rd_addr_reg[1]_1[0]                                 | rst_repN_6                                          |                3 |              8 |
|  clk_inst/inst/clk_out1 |                                                                     | cpu0/mem_ctrl0/SR[0]                                |                6 |              8 |
|  clk_inst/inst/clk_out1 | cpu0/mem_wb0/wb_rd_addr_reg[2]_2[0]                                 | rst_repN_5                                          |                3 |              8 |
|  clk_inst/inst/clk_out1 | cpu0/mem_wb0/wb_rd_addr_reg[1]_0[0]                                 | rst_repN_5                                          |                3 |              8 |
|  clk_inst/inst/clk_out1 | hci0/uart_blk/uart_rx_blk/d_data                                    | rst_repN                                            |                2 |              8 |
|  clk_inst/inst/clk_out1 | cpu0/mem_ctrl0/data_out[15]_i_2_n_0                                 | cpu0/mem_ctrl0/data_out[15]_i_1_n_0                 |                4 |              8 |
|  clk_inst/inst/clk_out1 | hci0/uart_blk/uart_tx_blk/d_data                                    | rst_repN_2                                          |                2 |              8 |
|  clk_inst/inst/clk_out1 | cpu0/mem_wb0/wb_rd_addr_reg[1]_2[0]                                 | rst_repN_6                                          |                4 |              8 |
|  clk_inst/inst/clk_out1 | cpu0/mem_ctrl0/data_out[31]_i_2_n_0                                 | cpu0/mem_ctrl0/data_out[31]_i_1_n_0                 |                4 |              8 |
|  clk_inst/inst/clk_out1 | cpu0/mem_ctrl0/data_out[23]_i_2_n_0                                 | cpu0/mem_ctrl0/data_out[23]_i_1_n_0                 |                6 |              8 |
|  clk_inst/inst/clk_out1 | cpu0/mem_ctrl0/data_to_mem[7]_i_1_n_0                               |                                                     |                5 |              8 |
|  clk_inst/inst/clk_out1 | cpu0/mem_ctrl0/cache1/FSM_onehot_q_state_reg[13]_0[0]               | rst_repN_1                                          |                4 |              8 |
|  clk_inst/inst/clk_out1 | cpu0/mem_ctrl0/data_out[7]_i_2_n_0                                  | cpu0/mem_ctrl0/data_out[7]_i_1_n_0                  |                3 |              8 |
|  clk_inst/inst/clk_out1 |                                                                     | btnC_IBUF                                           |                5 |             10 |
|  clk_inst/inst/clk_out1 | cpu0/mem_wb0/wb_rd_addr_reg[0]_0[0]                                 | rst_repN_6                                          |                2 |             10 |
|  clk_inst/inst/clk_out1 | hci0/io_in_fifo/wr_en_prot                                          | rst                                                 |                4 |             10 |
|  clk_inst/inst/clk_out1 | cpu0/mem_wb0/wb_rd_enable_reg_0[0]                                  | rst_repN_5                                          |                3 |             10 |
|  clk_inst/inst/clk_out1 | hci0/io_in_fifo/q_data_array_reg_192_255_0_2_i_1_n_0                |                                                     |                3 |             12 |
|  clk_inst/inst/clk_out1 | hci0/io_in_fifo/q_data_array_reg_256_319_0_2_i_1_n_0                |                                                     |                3 |             12 |
|  clk_inst/inst/clk_out1 | hci0/io_in_fifo/q_data_array_reg_320_383_0_2_i_1_n_0                |                                                     |                3 |             12 |
|  clk_inst/inst/clk_out1 | hci0/io_in_fifo/q_data_array_reg_448_511_0_2_i_1_n_0                |                                                     |                3 |             12 |
|  clk_inst/inst/clk_out1 | hci0/io_in_fifo/q_data_array_reg_64_127_0_2_i_1_n_0                 |                                                     |                3 |             12 |
|  clk_inst/inst/clk_out1 | hci0/io_in_fifo/q_data_array_reg_640_703_0_2_i_1_n_0                |                                                     |                3 |             12 |
|  clk_inst/inst/clk_out1 | hci0/io_in_fifo/q_data_array_reg_704_767_0_2_i_1_n_0                |                                                     |                3 |             12 |
|  clk_inst/inst/clk_out1 | hci0/io_in_fifo/q_data_array_reg_768_831_0_2_i_1_n_0                |                                                     |                3 |             12 |
|  clk_inst/inst/clk_out1 | hci0/io_in_fifo/q_data_array_reg_832_895_0_2_i_1_n_0                |                                                     |                3 |             12 |
|  clk_inst/inst/clk_out1 | hci0/io_in_fifo/q_data_array_reg_896_959_0_2_i_1_n_0                |                                                     |                3 |             12 |
|  clk_inst/inst/clk_out1 | hci0/io_in_fifo/q_data_array_reg_960_1023_0_2_i_1_n_0               |                                                     |                3 |             12 |
|  clk_inst/inst/clk_out1 | hci0/uart_blk/uart_tx_fifo/q_data_array_reg_0_63_0_2_i_1__0_n_0     |                                                     |                3 |             12 |
|  clk_inst/inst/clk_out1 | hci0/uart_blk/uart_tx_fifo/q_data_array_reg_192_255_0_2_i_1__0_n_0  |                                                     |                3 |             12 |
|  clk_inst/inst/clk_out1 | hci0/uart_blk/uart_tx_fifo/q_data_array_reg_128_191_0_2_i_1__0_n_0  |                                                     |                3 |             12 |
|  clk_inst/inst/clk_out1 | hci0/uart_blk/uart_tx_fifo/q_data_array_reg_640_703_0_2_i_1__0_n_0  |                                                     |                3 |             12 |
|  clk_inst/inst/clk_out1 | hci0/uart_blk/uart_tx_fifo/q_data_array_reg_512_575_0_2_i_1__0_n_0  |                                                     |                3 |             12 |
|  clk_inst/inst/clk_out1 | hci0/uart_blk/uart_tx_fifo/q_data_array_reg_384_447_0_2_i_1__0_n_0  |                                                     |                3 |             12 |
|  clk_inst/inst/clk_out1 | hci0/uart_blk/uart_tx_fifo/q_data_array_reg_448_511_0_2_i_1__0_n_0  |                                                     |                3 |             12 |
|  clk_inst/inst/clk_out1 | hci0/uart_blk/uart_tx_fifo/q_data_array_reg_320_383_0_2_i_1__0_n_0  |                                                     |                3 |             12 |
|  clk_inst/inst/clk_out1 | hci0/uart_blk/uart_tx_fifo/q_data_array_reg_64_127_0_2_i_1__0_n_0   |                                                     |                3 |             12 |
|  clk_inst/inst/clk_out1 | hci0/uart_blk/uart_tx_fifo/q_data_array_reg_256_319_0_2_i_1__0_n_0  |                                                     |                3 |             12 |
|  clk_inst/inst/clk_out1 | hci0/uart_blk/uart_tx_fifo/q_data_array_reg_704_767_0_2_i_1__0_n_0  |                                                     |                3 |             12 |
|  clk_inst/inst/clk_out1 | hci0/uart_blk/uart_tx_fifo/q_data_array_reg_960_1023_0_2_i_1__0_n_0 |                                                     |                3 |             12 |
|  clk_inst/inst/clk_out1 | hci0/uart_blk/uart_tx_fifo/q_data_array_reg_768_831_0_2_i_1__0_n_0  |                                                     |                3 |             12 |
|  clk_inst/inst/clk_out1 | hci0/uart_blk/uart_tx_fifo/q_data_array_reg_896_959_0_2_i_1__0_n_0  |                                                     |                3 |             12 |
|  clk_inst/inst/clk_out1 | hci0/uart_blk/uart_tx_fifo/q_data_array_reg_832_895_0_2_i_1__0_n_0  |                                                     |                3 |             12 |
|  clk_inst/inst/clk_out1 | hci0/io_in_fifo/q_data_array_reg_576_639_0_2_i_1_n_0                |                                                     |                3 |             12 |
|  clk_inst/inst/clk_out1 | hci0/uart_blk/uart_tx_fifo/q_data_array_reg_576_639_0_2_i_1__0_n_0  |                                                     |                3 |             12 |
|  clk_inst/inst/clk_out1 | hci0/io_in_fifo/q_data_array_reg_0_63_0_2_i_1_n_0                   |                                                     |                3 |             12 |
|  clk_inst/inst/clk_out1 | hci0/io_in_fifo/q_data_array_reg_128_191_0_2_i_1_n_0                |                                                     |                3 |             12 |
|  clk_inst/inst/clk_out1 | hci0/io_in_fifo/q_data_array_reg_512_575_0_2_i_1_n_0                |                                                     |                3 |             12 |
|  clk_inst/inst/clk_out1 | hci0/io_in_fifo/q_data_array_reg_384_447_0_2_i_1_n_0                |                                                     |                3 |             12 |
|  clk_inst/inst/clk_out1 | hci0/uart_blk/uart_rx_fifo/E[0]                                     | rst_repN                                            |                8 |             13 |
|  clk_inst/inst/clk_out1 | cpu0/mem_wb0/wb_rd_addr_reg[0]_0[0]                                 | rst                                                 |                4 |             14 |
|  clk_inst/inst/clk_out1 | cpu0/mem_wb0/wb_rd_addr_reg[1]_2[0]                                 | rst                                                 |                8 |             14 |
|  clk_inst/inst/clk_out1 | cpu0/mem_wb0/wb_rd_addr_reg[1]_0[0]                                 | rst                                                 |                7 |             15 |
|  clk_inst/inst/clk_out1 | cpu0/mem_wb0/wb_rd_enable_reg_4[0]                                  | rst                                                 |                8 |             15 |
|  clk_inst/inst/clk_out1 | cpu0/mem_wb0/E[0]                                                   | rst                                                 |                5 |             15 |
|  clk_inst/inst/clk_out1 | cpu0/mem_wb0/wb_rd_enable_reg_7[0]                                  | rst                                                 |                8 |             15 |
|  clk_inst/inst/clk_out1 | cpu0/mem_wb0/wb_rd_addr_reg[3]_0[0]                                 | rst                                                 |                8 |             15 |
|  clk_inst/inst/clk_out1 | cpu0/mem_wb0/wb_rd_enable_reg_1[0]                                  | rst                                                 |                7 |             15 |
|  clk_inst/inst/clk_out1 | cpu0/mem_wb0/wb_rd_enable_reg_2[0]                                  | rst                                                 |                6 |             15 |
|  clk_inst/inst/clk_out1 | cpu0/mem_wb0/wb_rd_addr_reg[0]_3[0]                                 | rst                                                 |                7 |             16 |
|  clk_inst/inst/clk_out1 | hci0/uart_blk/uart_rx_fifo/q_data_array_reg_0_7_0_5_i_1_n_0         |                                                     |                2 |             16 |
|  clk_inst/inst/clk_out1 | cpu0/mem_wb0/wb_rd_enable_reg_0[0]                                  | rst                                                 |                6 |             16 |
|  clk_inst/inst/clk_out1 | cpu0/mem_wb0/wb_rd_addr_reg[2]_2[0]                                 | rst                                                 |                7 |             16 |
|  clk_inst/inst/clk_out1 | cpu0/mem_wb0/wb_rd_addr_reg[2]_0[0]                                 | rst                                                 |               10 |             16 |
|  clk_inst/inst/clk_out1 | cpu0/mem_wb0/wb_rd_addr_reg[2]_1[0]                                 | rst                                                 |                6 |             16 |
|  clk_inst/inst/clk_out1 | cpu0/mem_wb0/wb_rd_addr_reg[1]_1[0]                                 | rst                                                 |                5 |             16 |
|  clk_inst/inst/clk_out1 | cpu0/mem_wb0/wb_rd_addr_reg[2]_4[0]                                 | rst                                                 |                8 |             16 |
|  clk_inst/inst/clk_out1 | cpu0/mem_wb0/wb_rd_enable_reg_3[0]                                  | rst                                                 |                7 |             16 |
|  clk_inst/inst/clk_out1 | cpu0/mem_wb0/wb_rd_addr_reg[0]_1[0]                                 | rst                                                 |                7 |             16 |
|  clk_inst/inst/clk_out1 |                                                                     |                                                     |               13 |             17 |
|  clk_inst/inst/clk_out1 | cpu0/mem_wb0/wb_rd_addr_reg[2]_7[0]                                 | rst                                                 |                7 |             17 |
|  clk_inst/inst/clk_out1 | cpu0/mem_wb0/wb_rd_addr_reg[1]_6[0]                                 | rst                                                 |                8 |             17 |
|  clk_inst/inst/clk_out1 | cpu0/mem_wb0/wb_rd_addr_reg[1]_5[0]                                 | rst                                                 |               10 |             18 |
|  clk_inst/inst/clk_out1 | cpu0/mem_wb0/wb_rd_addr_reg[1]_3[0]                                 | rst                                                 |                7 |             18 |
|  clk_inst/inst/clk_out1 | cpu0/mem_wb0/wb_rd_addr_reg[1]_4[0]                                 | rst                                                 |                7 |             18 |
|  clk_inst/inst/clk_out1 | cpu0/mem_wb0/wb_rd_addr_reg[2]_3[0]                                 | rst                                                 |                8 |             18 |
|  clk_inst/inst/clk_out1 | cpu0/mem_wb0/wb_rd_enable_reg_5[0]                                  | rst                                                 |                5 |             18 |
|  clk_inst/inst/clk_out1 | cpu0/mem_wb0/wb_rd_addr_reg[0]_2[0]                                 | rst                                                 |                6 |             18 |
|  clk_inst/inst/clk_out1 | cpu0/mem_wb0/wb_rd_enable_reg_8[0]                                  | rst                                                 |                6 |             18 |
|  clk_inst/inst/clk_out1 | cpu0/mem_ctrl0/addr_to_mem[17]_i_1_n_0                              |                                                     |                9 |             18 |
|  clk_inst/inst/clk_out1 | cpu0/mem_wb0/wb_rd_addr_reg[2]_6[0]                                 | rst                                                 |                7 |             19 |
|  clk_inst/inst/clk_out1 |                                                                     | rst_repN                                            |               14 |             19 |
|  clk_inst/inst/clk_out1 | cpu0/mem_wb0/wb_rd_addr_reg[2]_5[0]                                 | rst                                                 |                9 |             19 |
|  clk_inst/inst/clk_out1 | cpu0/mem_wb0/wb_rd_enable_reg_6[0]                                  | rst                                                 |                6 |             19 |
|  clk_inst/inst/clk_out1 | cpu0/mem_wb0/wb_rd_addr_reg[2]_8[0]                                 | rst                                                 |               10 |             20 |
|  clk_inst/inst/clk_out1 | hci0/io_in_fifo/rd_en_prot                                          | rst_repN                                            |                6 |             20 |
|  clk_inst/inst/clk_out1 | hci0/uart_blk/uart_tx_blk/E[0]                                      | rst_repN                                            |                6 |             20 |
|  clk_inst/inst/clk_out1 | cpu0/mem_ctrl0/cache1/FSM_onehot_q_state_reg[13]_0[0]               | rst                                                 |               11 |             24 |
|  clk_inst/inst/clk_out1 | cpu0/mem_ctrl0/CEA2                                                 | rst_repN                                            |                9 |             29 |
|  clk_inst/inst/clk_out1 | cpu0/mem_ctrl0/cache1/E[0]                                          | rst                                                 |                9 |             32 |
|  clk_inst/inst/clk_out1 | hci0/Q[0]                                                           | rst_repN                                            |                8 |             32 |
|  clk_inst/inst/clk_out1 | cpu0/mem_ctrl0/FSM_onehot_q_state_reg[13][0]                        | rst                                                 |               16 |             37 |
|  clk_inst/inst/clk_out1 | cpu0/mem_ctrl0/rst_reg_1[0]                                         | cpu0/mem_wb0/wb_rd_data0_n_0                        |               17 |             38 |
|  clk_inst/inst/clk_out1 | cpu0/mem_ctrl0/cache1/p_1_in                                        | rst                                                 |               20 |             47 |
|  clk_inst/inst/clk_out1 | cpu0/mem_ctrl0/rst_reg_1[0]                                         | rst_repN_4                                          |               40 |             64 |
|  clk_inst/inst/clk_out1 | cpu0/id_ex0/ex_jmp_addr[31]_i_1_n_0                                 |                                                     |               18 |             64 |
|  clk_inst/inst/clk_out1 |                                                                     | rst_repN_2                                          |               35 |             92 |
|  clk_inst/inst/clk_out1 | cpu0/mem_ctrl0/cache1/p_1_in                                        | cpu0/mem_ctrl0/cache1/FSM_onehot_q_state_reg[13][0] |               36 |             96 |
|  clk_inst/inst/clk_out1 | cpu0/mem_ctrl0/rst_reg_1[0]                                         | rst                                                 |               51 |            108 |
|  clk_inst/inst/clk_out1 |                                                                     | rst_repN_1                                          |               45 |            136 |
|  clk_inst/inst/clk_out1 |                                                                     | rst                                                 |               54 |            140 |
|  clk_inst/inst/clk_out1 | cpu0/mem_ctrl0/cache0/tag_reg_0_255_0_0_i_1__0_n_0                  |                                                     |               39 |            156 |
|  clk_inst/inst/clk_out1 | cpu0/mem_ctrl0/cache1/tag_reg_0_255_0_0_i_1_n_0                     |                                                     |               39 |            156 |
|  clk_inst/inst/clk_out1 |                                                                     | rst_repN_3                                          |               62 |            222 |
+-------------------------+---------------------------------------------------------------------+-----------------------------------------------------+------------------+----------------+


