Copyright 1986-2019 Xilinx, Inc. All Rights Reserved.
--------------------------------------------------------------------------------------
| Tool Version : Vivado v.2019.2 (win64) Build 2708876 Wed Nov  6 21:40:23 MST 2019
| Date         : Thu Dec  5 16:39:37 2019
| Host         : DESKTOP-KOEBDED running 64-bit major release  (build 9200)
| Command      : report_control_sets -verbose -file riscv_top_control_sets_placed.rpt
| Design       : riscv_top
| Device       : xc7a35t
--------------------------------------------------------------------------------------

Control Set Information

Table of Contents
-----------------
1. Summary
2. Histogram
3. Flip-Flop Distribution
4. Detailed Control Set Information

1. Summary
----------

+----------------------------------------------------------+-------+
|                          Status                          | Count |
+----------------------------------------------------------+-------+
| Total control sets                                       |   339 |
|    Minimum number of control sets                        |    53 |
|    Addition due to synthesis replication                 |     0 |
|    Addition due to physical synthesis replication        |   286 |
| Unused register locations in slices containing registers |  1165 |
+----------------------------------------------------------+-------+
* Control sets can be merged at opt_design using control_set_merge or merge_equivalent_drivers
** Run report_qor_suggestions for automated merging and remapping suggestions


2. Histogram
------------

+--------------------+-------+
|       Fanout       | Count |
+--------------------+-------+
| Total control sets |   339 |
| >= 0 to < 4        |   100 |
| >= 4 to < 6        |   112 |
| >= 6 to < 8        |    49 |
| >= 8 to < 10       |    20 |
| >= 10 to < 12      |     4 |
| >= 12 to < 14      |    34 |
| >= 14 to < 16      |     1 |
| >= 16              |    19 |
+--------------------+-------+
* Control sets can be remapped at either synth_design or opt_design


3. Flip-Flop Distribution
-------------------------

+--------------+-----------------------+------------------------+-----------------+--------------+
| Clock Enable | Synchronous Set/Reset | Asynchronous Set/Reset | Total Registers | Total Slices |
+--------------+-----------------------+------------------------+-----------------+--------------+
| No           | No                    | No                     |              11 |            9 |
| No           | No                    | Yes                    |              44 |           24 |
| No           | Yes                   | No                     |             344 |          124 |
| Yes          | No                    | No                     |             123 |           52 |
| Yes          | No                    | Yes                    |              34 |            9 |
| Yes          | Yes                   | No                     |            1567 |          742 |
+--------------+-----------------------+------------------------+-----------------+--------------+


4. Detailed Control Set Information
-----------------------------------

+------------------+---------------------------------------------------------------------+-----------------------------------------+------------------+----------------+
|   Clock Signal   |                            Enable Signal                            |             Set/Reset Signal            | Slice Load Count | Bel Load Count |
+------------------+---------------------------------------------------------------------+-----------------------------------------+------------------+----------------+
|  EXCLK_IBUF_BUFG | cpu0/mem_wb0/wb_rd_addr_reg[3]_0[0]                                 | rst_repN_2                              |                1 |              1 |
|  EXCLK_IBUF_BUFG | cpu0/mem_wb0/wb_rd_enable_reg_7[0]                                  | rst_repN_2                              |                1 |              1 |
|  EXCLK_IBUF_BUFG | cpu0/mem_wb0/wb_rd_addr_reg[1]_3[0]                                 | rst_repN_2                              |                1 |              1 |
|  EXCLK_IBUF_BUFG | cpu0/mem_wb0/wb_rd_addr_reg[2]_5[0]                                 | rst_repN_10                             |                1 |              1 |
|  EXCLK_IBUF_BUFG | cpu0/mem_wb0/wb_rd_enable_reg_0[0]                                  | rst_repN_2                              |                1 |              1 |
|  EXCLK_IBUF_BUFG | cpu0/mem_wb0/wb_rd_addr_reg[2]_6[0]                                 | rst_repN_1                              |                1 |              1 |
|  EXCLK_IBUF_BUFG | cpu0/mem_wb0/wb_rd_addr_reg[2]_8[0]                                 | rst_repN_1                              |                1 |              1 |
|  EXCLK_IBUF_BUFG | cpu0/mem_wb0/wb_rd_addr_reg[0]_2[0]                                 | rst_repN_2                              |                1 |              1 |
|  EXCLK_IBUF_BUFG | cpu0/mem_wb0/E[0]                                                   | rst_repN_2                              |                1 |              1 |
|  EXCLK_IBUF_BUFG | cpu0/mem_wb0/wb_rd_addr_reg[1]_1[0]                                 | rst_repN_2                              |                1 |              1 |
|  EXCLK_IBUF_BUFG | cpu0/mem_wb0/wb_rd_enable_reg_4[0]                                  | rst_repN_2                              |                1 |              1 |
|  EXCLK_IBUF_BUFG | cpu0/mem_wb0/wb_rd_enable_reg_8[0]                                  | rst_repN_10                             |                1 |              1 |
|  EXCLK_IBUF_BUFG | cpu0/mem_wb0/wb_rd_addr_reg[0]_1[0]                                 | rst_repN_2                              |                1 |              1 |
|  EXCLK_IBUF_BUFG | cpu0/mem_ctrl0/status_mem_reg[1]_0[0]                               | rst                                     |                1 |              1 |
|  EXCLK_IBUF_BUFG | cpu0/mem_wb0/wb_rd_enable_reg_5[0]                                  | rst_repN_10                             |                1 |              1 |
|  EXCLK_IBUF_BUFG | cpu0/mem_wb0/wb_rd_addr_reg[1]_0[0]                                 | rst_repN_2                              |                1 |              1 |
|  EXCLK_IBUF_BUFG | cpu0/mem_wb0/wb_rd_enable_reg_5[0]                                  | rst_repN_1                              |                1 |              1 |
|  EXCLK_IBUF_BUFG | cpu0/mem_wb0/wb_rd_addr_reg[0]_3[0]                                 | rst_repN_10                             |                1 |              1 |
|  EXCLK_IBUF_BUFG | cpu0/mem_wb0/wb_rd_enable_reg_8[0]                                  | rst_repN_1                              |                1 |              1 |
|  EXCLK_IBUF_BUFG | cpu0/mem_wb0/wb_rd_enable_reg_2[0]                                  | rst_repN_2                              |                1 |              1 |
|  EXCLK_IBUF_BUFG | cpu0/mem_wb0/wb_rd_addr_reg[2]_1[0]                                 | rst_repN_2                              |                1 |              1 |
|  EXCLK_IBUF_BUFG | cpu0/mem_wb0/wb_rd_enable_reg_6[0]                                  | rst_repN_10                             |                1 |              1 |
|  EXCLK_IBUF_BUFG | cpu0/mem_wb0/wb_rd_addr_reg[1]_6[0]                                 | rst_repN_10                             |                1 |              1 |
|  EXCLK_IBUF_BUFG | cpu0/mem_wb0/wb_rd_addr_reg[2]_2[0]                                 | rst_repN_2                              |                1 |              1 |
|  EXCLK_IBUF_BUFG | cpu0/mem_wb0/wb_rd_addr_reg[2]_0[0]                                 | rst_repN_2                              |                1 |              1 |
|  EXCLK_IBUF_BUFG | cpu0/mem_wb0/wb_rd_addr_reg[0]_0[0]                                 | rst_repN_1                              |                1 |              1 |
|  EXCLK_IBUF_BUFG | cpu0/mem_wb0/wb_rd_enable_reg_1[0]                                  | rst_repN_2                              |                1 |              1 |
|  EXCLK_IBUF_BUFG | cpu0/mem_wb0/wb_rd_addr_reg[2]_8[0]                                 | rst_repN_10                             |                1 |              1 |
|  EXCLK_IBUF_BUFG | cpu0/mem_wb0/wb_rd_addr_reg[1]_5[0]                                 | rst_repN_2                              |                1 |              1 |
|  EXCLK_IBUF_BUFG | cpu0/mem_wb0/wb_rd_enable_reg_1[0]                                  | rst_repN_1                              |                1 |              1 |
|  EXCLK_IBUF_BUFG | cpu0/mem_wb0/wb_rd_addr_reg[2]_3[0]                                 | rst_repN_1                              |                1 |              1 |
|  EXCLK_IBUF_BUFG | cpu0/mem_wb0/wb_rd_addr_reg[2]_5[0]                                 | rst_repN_2                              |                1 |              2 |
|  EXCLK_IBUF_BUFG | cpu0/mem_wb0/wb_rd_addr_reg[1]_1[0]                                 | rst_repN_3                              |                1 |              2 |
|  EXCLK_IBUF_BUFG |                                                                     | rst_repN                                |                1 |              2 |
|  EXCLK_IBUF_BUFG | cpu0/mem_wb0/wb_rd_addr_reg[2]_7[0]                                 | rst_repN_10                             |                2 |              2 |
|  EXCLK_IBUF_BUFG | cpu0/mem_wb0/wb_rd_addr_reg[2]_4[0]                                 | rst_repN_1                              |                2 |              2 |
|  EXCLK_IBUF_BUFG | cpu0/mem_ctrl0/rst_reg_2[0]                                         | rst_repN                                |                1 |              2 |
|  EXCLK_IBUF_BUFG | cpu0/mem_wb0/wb_rd_addr_reg[1]_4[0]                                 | rst_repN_2                              |                1 |              2 |
|  EXCLK_IBUF_BUFG | cpu0/mem_wb0/wb_rd_addr_reg[2]_7[0]                                 | rst_repN_2                              |                1 |              2 |
|  EXCLK_IBUF_BUFG | cpu0/mem_wb0/wb_rd_addr_reg[2]_4[0]                                 | rst_repN_10                             |                2 |              2 |
|  EXCLK_IBUF_BUFG | cpu0/mem_wb0/wb_rd_enable_reg_2[0]                                  | rst_repN_1                              |                2 |              2 |
|  EXCLK_IBUF_BUFG | cpu0/mem_wb0/wb_rd_addr_reg[2]_3[0]                                 | rst_repN_2                              |                1 |              2 |
|  EXCLK_IBUF_BUFG | cpu0/mem_wb0/wb_rd_addr_reg[0]_3[0]                                 | rst_repN_2                              |                1 |              2 |
|  EXCLK_IBUF_BUFG | cpu0/mem_wb0/wb_rd_addr_reg[1]_5[0]                                 | rst_repN_10                             |                2 |              2 |
|  EXCLK_IBUF_BUFG | cpu0/mem_wb0/wb_rd_enable_reg_7[0]                                  | rst_repN_1                              |                2 |              2 |
|  EXCLK_IBUF_BUFG | cpu0/mem_wb0/wb_rd_addr_reg[0]_2[0]                                 | rst_repN_10                             |                2 |              2 |
|  EXCLK_IBUF_BUFG | cpu0/mem_wb0/wb_rd_enable_reg_6[0]                                  | rst_repN_1                              |                1 |              2 |
|  EXCLK_IBUF_BUFG | cpu0/mem_wb0/wb_rd_addr_reg[1]_4[0]                                 | rst_repN_10                             |                1 |              2 |
|  EXCLK_IBUF_BUFG | cpu0/mem_wb0/wb_rd_addr_reg[2]_6[0]                                 | rst_repN_10                             |                2 |              2 |
|  EXCLK_IBUF_BUFG | cpu0/mem_wb0/wb_rd_addr_reg[1]_6[0]                                 | rst_repN_1                              |                1 |              2 |
|  EXCLK_IBUF_BUFG | cpu0/mem_wb0/wb_rd_addr_reg[2]_3[0]                                 | rst_repN_10                             |                2 |              2 |
|  EXCLK_IBUF_BUFG | cpu0/mem_wb0/wb_rd_addr_reg[0]_0[0]                                 | rst_repN_2                              |                1 |              2 |
|  EXCLK_IBUF_BUFG | cpu0/mem_wb0/wb_rd_addr_reg[1]_3[0]                                 | rst_repN_10                             |                2 |              2 |
|  EXCLK_IBUF_BUFG | cpu0/mem_wb0/wb_rd_addr_reg[2]_5[0]                                 | rst_repN_1                              |                1 |              2 |
|  EXCLK_IBUF_BUFG | cpu0/mem_wb0/wb_rd_addr_reg[1]_5[0]                                 | rst_repN_3                              |                2 |              3 |
|  EXCLK_IBUF_BUFG | cpu0/mem_wb0/wb_rd_addr_reg[0]_3[0]                                 | rst_repN_1                              |                1 |              3 |
|  EXCLK_IBUF_BUFG | hci0/uart_blk/uart_tx_blk/rd_en_prot                                | rst_repN_6                              |                2 |              3 |
|  EXCLK_IBUF_BUFG | hci0/uart_blk/uart_rx_fifo/E[1]                                     | rst_repN_7                              |                2 |              3 |
|  EXCLK_IBUF_BUFG | cpu0/mem_wb0/wb_rd_addr_reg[1]_6[0]                                 | rst_repN_2                              |                1 |              3 |
|  EXCLK_IBUF_BUFG | cpu0/mem_wb0/wb_rd_addr_reg[1]_5[0]                                 | rst_repN_1                              |                2 |              3 |
|  EXCLK_IBUF_BUFG | hci0/uart_blk/uart_rx_fifo/FSM_sequential_q_state_reg[0]            | rst_repN_8                              |                2 |              3 |
|  EXCLK_IBUF_BUFG | cpu0/mem_wb0/wb_rd_enable_reg_5[0]                                  | rst_repN_2                              |                1 |              3 |
|  EXCLK_IBUF_BUFG | cpu0/mem_wb0/wb_rd_addr_reg[0]_2[0]                                 | rst_repN_1                              |                2 |              3 |
|  EXCLK_IBUF_BUFG | cpu0/mem_wb0/wb_rd_enable_reg_2[0]                                  | rst_repN_3                              |                2 |              3 |
|  EXCLK_IBUF_BUFG | cpu0/mem_wb0/wb_rd_addr_reg[2]_0[0]                                 | rst_repN_3                              |                2 |              3 |
|  EXCLK_IBUF_BUFG | cpu0/mem_wb0/wb_rd_addr_reg[3]_0[0]                                 | rst_repN                                |                2 |              3 |
|  EXCLK_IBUF_BUFG | cpu0/mem_wb0/wb_rd_addr_reg[3]_0[0]                                 | rst_repN_1                              |                2 |              3 |
|  EXCLK_IBUF_BUFG | cpu0/mem_wb0/E[0]                                                   | rst_repN                                |                1 |              3 |
|  EXCLK_IBUF_BUFG | cpu0/mem_wb0/wb_rd_enable_reg_3[0]                                  | rst_repN_3                              |                2 |              3 |
|  EXCLK_IBUF_BUFG | cpu0/mem_wb0/wb_rd_addr_reg[1]_3[0]                                 | rst_repN_3                              |                2 |              3 |
|  EXCLK_IBUF_BUFG | cpu0/mem_wb0/wb_rd_enable_reg_4[0]                                  | rst_repN_3                              |                3 |              3 |
|  EXCLK_IBUF_BUFG | cpu0/mem_wb0/wb_rd_addr_reg[2]_4[0]                                 | rst_repN_2                              |                3 |              3 |
|  EXCLK_IBUF_BUFG | cpu0/mem_wb0/wb_rd_addr_reg[1]_4[0]                                 | rst_repN_3                              |                2 |              3 |
|  EXCLK_IBUF_BUFG | cpu0/mem_wb0/wb_rd_addr_reg[1]_0[0]                                 | rst_repN                                |                1 |              3 |
|  EXCLK_IBUF_BUFG | cpu0/mem_wb0/wb_rd_addr_reg[1]_0[0]                                 | rst_repN_1                              |                1 |              3 |
|  EXCLK_IBUF_BUFG | cpu0/mem_wb0/wb_rd_addr_reg[1]_3[0]                                 | rst_repN_1                              |                1 |              3 |
|  EXCLK_IBUF_BUFG | cpu0/mem_wb0/wb_rd_addr_reg[0]_1[0]                                 | rst_repN_3                              |                2 |              3 |
|  EXCLK_IBUF_BUFG | cpu0/mem_wb0/wb_rd_enable_reg_8[0]                                  | rst_repN_3                              |                1 |              3 |
|  EXCLK_IBUF_BUFG | cpu0/mem_wb0/wb_rd_addr_reg[0]_1[0]                                 | rst_repN                                |                1 |              3 |
|  EXCLK_IBUF_BUFG | cpu0/mem_wb0/wb_rd_addr_reg[2]_8[0]                                 | rst_repN_2                              |                2 |              3 |
|  EXCLK_IBUF_BUFG | cpu0/mem_wb0/wb_rd_enable_reg_6[0]                                  | rst_repN_2                              |                2 |              3 |
|  EXCLK_IBUF_BUFG | cpu0/mem_wb0/wb_rd_enable_reg_6[0]                                  | rst_repN_3                              |                2 |              3 |
|  EXCLK_IBUF_BUFG | cpu0/mem_wb0/wb_rd_addr_reg[2]_7[0]                                 | rst_repN_1                              |                2 |              3 |
|  EXCLK_IBUF_BUFG | cpu0/mem_wb0/wb_rd_addr_reg[1]_6[0]                                 | rst_repN_3                              |                2 |              3 |
|  EXCLK_IBUF_BUFG | cpu0/mem_wb0/wb_rd_addr_reg[2]_0[0]                                 | rst_repN_1                              |                1 |              3 |
|  EXCLK_IBUF_BUFG | cpu0/mem_wb0/wb_rd_addr_reg[2]_0[0]                                 | rst_repN                                |                1 |              3 |
|  EXCLK_IBUF_BUFG | cpu0/mem_wb0/wb_rd_enable_reg_0[0]                                  | rst_repN_3                              |                2 |              3 |
|  EXCLK_IBUF_BUFG | cpu0/mem_wb0/wb_rd_addr_reg[1]_0[0]                                 | rst_repN_3                              |                2 |              3 |
|  EXCLK_IBUF_BUFG | cpu0/mem_wb0/wb_rd_addr_reg[1]_2[0]                                 | rst_repN_3                              |                2 |              3 |
|  EXCLK_IBUF_BUFG | cpu0/mem_wb0/wb_rd_addr_reg[2]_1[0]                                 | rst_repN_3                              |                3 |              3 |
|  EXCLK_IBUF_BUFG | cpu0/mem_wb0/wb_rd_addr_reg[2]_2[0]                                 | rst_repN_1                              |                2 |              3 |
|  EXCLK_IBUF_BUFG | cpu0/mem_wb0/wb_rd_addr_reg[2]_6[0]                                 | rst_repN_2                              |                1 |              3 |
|  EXCLK_IBUF_BUFG | cpu0/mem_wb0/wb_rd_addr_reg[1]_4[0]                                 | rst_repN_1                              |                1 |              3 |
|  EXCLK_IBUF_BUFG | cpu0/mem_wb0/wb_rd_addr_reg[1]_1[0]                                 | rst_repN_1                              |                1 |              3 |
|  EXCLK_IBUF_BUFG | cpu0/mem_wb0/wb_rd_addr_reg[1]_2[0]                                 | rst_repN                                |                2 |              3 |
|  EXCLK_IBUF_BUFG | cpu0/mem_wb0/wb_rd_addr_reg[2]_3[0]                                 | rst_repN_3                              |                1 |              3 |
|  EXCLK_IBUF_BUFG | cpu0/mem_wb0/wb_rd_enable_reg_0[0]                                  | rst_repN_1                              |                1 |              3 |
|  EXCLK_IBUF_BUFG | cpu0/mem_wb0/wb_rd_addr_reg[2]_1[0]                                 | rst_repN                                |                1 |              3 |
|  EXCLK_IBUF_BUFG | cpu0/mem_wb0/wb_rd_addr_reg[0]_3[0]                                 | rst_repN_3                              |                3 |              3 |
|  EXCLK_IBUF_BUFG | cpu0/mem_wb0/wb_rd_addr_reg[2]_5[0]                                 | rst_repN_3                              |                3 |              3 |
|  EXCLK_IBUF_BUFG | cpu0/mem_wb0/wb_rd_enable_reg_8[0]                                  | rst_repN_2                              |                3 |              4 |
|  EXCLK_IBUF_BUFG | cpu0/mem_wb0/wb_rd_enable_reg_4[0]                                  | rst_repN                                |                3 |              4 |
|  EXCLK_IBUF_BUFG | cpu0/mem_wb0/wb_rd_enable_reg_4[0]                                  | rst_repN_10                             |                4 |              4 |
|  EXCLK_IBUF_BUFG | cpu0/mem_wb0/wb_rd_enable_reg_4[0]                                  | rst_repN_11                             |                4 |              4 |
|  EXCLK_IBUF_BUFG | cpu0/mem_wb0/wb_rd_enable_reg_3[0]                                  | rst_repN                                |                2 |              4 |
|  EXCLK_IBUF_BUFG | cpu0/mem_wb0/wb_rd_enable_reg_3[0]                                  | rst_repN_1                              |                2 |              4 |
|  EXCLK_IBUF_BUFG | cpu0/mem_wb0/wb_rd_enable_reg_3[0]                                  | rst_repN_11                             |                1 |              4 |
|  EXCLK_IBUF_BUFG | cpu0/mem_wb0/wb_rd_enable_reg_0[0]                                  | rst_repN                                |                2 |              4 |
|  EXCLK_IBUF_BUFG | cpu0/mem_wb0/wb_rd_enable_reg_0[0]                                  | rst_repN_10                             |                2 |              4 |
|  EXCLK_IBUF_BUFG | cpu0/mem_wb0/wb_rd_enable_reg_7[0]                                  | rst_repN_3                              |                3 |              4 |
|  EXCLK_IBUF_BUFG | cpu0/mem_wb0/wb_rd_addr_reg[0]_1[0]                                 | rst_repN_1                              |                2 |              4 |
|  EXCLK_IBUF_BUFG | cpu0/mem_wb0/wb_rd_enable_reg_7[0]                                  | rst_repN_9                              |                4 |              4 |
|  EXCLK_IBUF_BUFG | cpu0/mem_wb0/wb_rd_enable_reg_7[0]                                  | rst_repN_10                             |                2 |              4 |
|  EXCLK_IBUF_BUFG | cpu0/mem_wb0/wb_rd_enable_reg_1[0]                                  | rst_repN_3                              |                2 |              4 |
|  EXCLK_IBUF_BUFG | cpu0/mem_wb0/wb_rd_enable_reg_1[0]                                  | rst_repN_10                             |                2 |              4 |
|  EXCLK_IBUF_BUFG | cpu0/mem_wb0/wb_rd_addr_reg[2]_1[0]                                 | rst_repN_1                              |                1 |              4 |
|  EXCLK_IBUF_BUFG | cpu0/mem_wb0/wb_rd_enable_reg_5[0]                                  | rst_repN_3                              |                1 |              4 |
|  EXCLK_IBUF_BUFG | cpu0/mem_wb0/wb_rd_enable_reg_5[0]                                  | rst_repN_11                             |                1 |              4 |
|  EXCLK_IBUF_BUFG | hci0/uart_blk/uart_rx_fifo/FSM_sequential_q_state_reg[2][0]         | rst_repN_8                              |                2 |              4 |
|  EXCLK_IBUF_BUFG | hci0/uart_blk/uart_rx_blk/d_oversample_tick_cnt                     | rst_repN_6                              |                1 |              4 |
|  EXCLK_IBUF_BUFG | hci0/uart_blk/uart_tx_blk/d_baud_clk_tick_cnt                       | rst_repN_6                              |                1 |              4 |
|  EXCLK_IBUF_BUFG | cpu0/mem_ctrl0/q[3]_i_1_n_0                                         |                                         |                4 |              4 |
|  EXCLK_IBUF_BUFG | cpu0/mem_wb0/wb_rd_addr_reg[0]_2[0]                                 | rst_repN_11                             |                3 |              4 |
|  EXCLK_IBUF_BUFG | cpu0/mem_wb0/wb_rd_addr_reg[2]_8[0]                                 | rst_repN_3                              |                1 |              4 |
|  EXCLK_IBUF_BUFG | cpu0/mem_wb0/wb_rd_addr_reg[2]_8[0]                                 | rst_repN_12                             |                1 |              4 |
|  EXCLK_IBUF_BUFG | cpu0/mem_wb0/wb_rd_addr_reg[3]_0[0]                                 | rst_repN_3                              |                2 |              4 |
|  EXCLK_IBUF_BUFG | cpu0/mem_wb0/wb_rd_addr_reg[3]_0[0]                                 | rst_repN_11                             |                2 |              4 |
|  EXCLK_IBUF_BUFG | cpu0/mem_wb0/wb_rd_addr_reg[1]_6[0]                                 | rst_repN_9                              |                4 |              4 |
|  EXCLK_IBUF_BUFG | cpu0/mem_wb0/wb_rd_addr_reg[2]_2[0]                                 | rst_repN                                |                2 |              4 |
|  EXCLK_IBUF_BUFG | cpu0/mem_wb0/wb_rd_addr_reg[2]_2[0]                                 | rst_repN_3                              |                3 |              4 |
|  EXCLK_IBUF_BUFG | cpu0/mem_wb0/wb_rd_addr_reg[2]_2[0]                                 | rst_repN_9                              |                1 |              4 |
|  EXCLK_IBUF_BUFG | cpu0/mem_wb0/wb_rd_addr_reg[2]_5[0]                                 | rst_repN_11                             |                2 |              4 |
|  EXCLK_IBUF_BUFG | cpu0/mem_wb0/wb_rd_addr_reg[2]_4[0]                                 | rst_repN_3                              |                4 |              4 |
|  EXCLK_IBUF_BUFG | cpu0/mem_wb0/wb_rd_addr_reg[2]_4[0]                                 | rst_repN_11                             |                3 |              4 |
|  EXCLK_IBUF_BUFG | cpu0/mem_wb0/wb_rd_addr_reg[2]_7[0]                                 | rst_repN_3                              |                4 |              4 |
|  EXCLK_IBUF_BUFG | cpu0/mem_wb0/wb_rd_addr_reg[2]_7[0]                                 | rst_repN_11                             |                3 |              4 |
|  EXCLK_IBUF_BUFG | cpu0/mem_wb0/wb_rd_addr_reg[0]_2[0]                                 | rst_repN_3                              |                3 |              4 |
|  EXCLK_IBUF_BUFG | cpu0/mem_wb0/wb_rd_addr_reg[1]_1[0]                                 | rst_repN                                |                1 |              4 |
|  EXCLK_IBUF_BUFG | cpu0/mem_wb0/wb_rd_enable_reg_1[0]                                  | rst_repN_11                             |                2 |              4 |
|  EXCLK_IBUF_BUFG | cpu0/mem_wb0/wb_rd_addr_reg[2]_6[0]                                 | rst_repN_3                              |                3 |              4 |
|  EXCLK_IBUF_BUFG | cpu0/mem_wb0/wb_rd_addr_reg[2]_3[0]                                 | rst_repN_9                              |                2 |              4 |
|  EXCLK_IBUF_BUFG | cpu0/mem_wb0/E[0]                                                   | rst_repN_1                              |                2 |              4 |
|  EXCLK_IBUF_BUFG | cpu0/mem_wb0/E[0]                                                   | rst_repN_3                              |                2 |              4 |
|  EXCLK_IBUF_BUFG | cpu0/mem_wb0/E[0]                                                   | rst_repN_9                              |                1 |              4 |
|  EXCLK_IBUF_BUFG | cpu0/mem_wb0/wb_rd_addr_reg[0]_3[0]                                 | rst_repN_9                              |                3 |              4 |
|  EXCLK_IBUF_BUFG | cpu0/mem_wb0/wb_rd_addr_reg[0]_0[0]                                 | rst_repN_3                              |                2 |              4 |
|  EXCLK_IBUF_BUFG | cpu0/mem_wb0/wb_rd_addr_reg[0]_0[0]                                 | rst_repN_11                             |                2 |              4 |
|  EXCLK_IBUF_BUFG | cpu0/mem_wb0/wb_rd_addr_reg[1]_5[0]                                 | rst_repN_9                              |                2 |              5 |
|  EXCLK_IBUF_BUFG | cpu0/mem_wb0/wb_rd_enable_reg_4[0]                                  | rst_repN_12                             |                5 |              5 |
|  EXCLK_IBUF_BUFG | cpu0/mem_wb0/wb_rd_addr_reg[2]_3[0]                                 | rst_repN_11                             |                3 |              5 |
|  EXCLK_IBUF_BUFG | cpu0/mem_wb0/wb_rd_enable_reg_3[0]                                  | rst_repN_10                             |                1 |              5 |
|  EXCLK_IBUF_BUFG | cpu0/mem_wb0/wb_rd_addr_reg[0]_1[0]                                 | rst_repN_12                             |                3 |              5 |
|  EXCLK_IBUF_BUFG | cpu0/mem_wb0/wb_rd_addr_reg[0]_2[0]                                 | rst_repN_9                              |                2 |              5 |
|  EXCLK_IBUF_BUFG | cpu0/mem_wb0/wb_rd_addr_reg[2]_6[0]                                 | rst_repN_9                              |                1 |              5 |
|  EXCLK_IBUF_BUFG | cpu0/mem_wb0/wb_rd_addr_reg[2]_8[0]                                 | rst_repN_11                             |                2 |              5 |
|  EXCLK_IBUF_BUFG | cpu0/mem_wb0/wb_rd_addr_reg[0]_1[0]                                 | rst_repN_10                             |                2 |              5 |
|  EXCLK_IBUF_BUFG | cpu0/mem_wb0/wb_rd_addr_reg[0]_1[0]                                 | rst_repN_9                              |                2 |              5 |
|  EXCLK_IBUF_BUFG | cpu0/mem_wb0/wb_rd_addr_reg[2]_8[0]                                 | rst_repN_9                              |                1 |              5 |
|  EXCLK_IBUF_BUFG | cpu0/mem_wb0/wb_rd_addr_reg[2]_1[0]                                 | rst_repN_11                             |                4 |              5 |
|  EXCLK_IBUF_BUFG | cpu0/mem_wb0/wb_rd_addr_reg[2]_1[0]                                 | rst_repN_10                             |                2 |              5 |
|  EXCLK_IBUF_BUFG | cpu0/mem_wb0/wb_rd_addr_reg[2]_1[0]                                 | rst_repN_9                              |                3 |              5 |
|  EXCLK_IBUF_BUFG | cpu0/mem_wb0/wb_rd_addr_reg[0]_3[0]                                 | rst_repN_12                             |                1 |              5 |
|  EXCLK_IBUF_BUFG | cpu0/mem_wb0/wb_rd_enable_reg_0[0]                                  | rst_repN_9                              |                2 |              5 |
|  EXCLK_IBUF_BUFG | cpu0/mem_wb0/wb_rd_addr_reg[0]_0[0]                                 | rst_repN_10                             |                2 |              5 |
|  EXCLK_IBUF_BUFG | cpu0/mem_wb0/wb_rd_enable_reg_7[0]                                  | rst_repN                                |                4 |              5 |
|  EXCLK_IBUF_BUFG | cpu0/mem_wb0/wb_rd_addr_reg[1]_4[0]                                 | rst_repN_12                             |                1 |              5 |
|  EXCLK_IBUF_BUFG | cpu0/mem_wb0/wb_rd_addr_reg[2]_4[0]                                 | rst_repN_12                             |                4 |              5 |
|  EXCLK_IBUF_BUFG | cpu0/mem_wb0/wb_rd_addr_reg[2]_4[0]                                 | rst_repN_9                              |                3 |              5 |
|  EXCLK_IBUF_BUFG | cpu0/mem_wb0/wb_rd_addr_reg[2]_6[0]                                 | rst_repN_11                             |                1 |              5 |
|  EXCLK_IBUF_BUFG | cpu0/mem_wb0/wb_rd_addr_reg[2]_5[0]                                 | rst_repN_9                              |                4 |              5 |
|  EXCLK_IBUF_BUFG | cpu0/mem_wb0/wb_rd_addr_reg[1]_3[0]                                 | rst_repN_9                              |                1 |              5 |
|  EXCLK_IBUF_BUFG | cpu0/mem_wb0/E[0]                                                   | rst_repN_10                             |                4 |              5 |
|  EXCLK_IBUF_BUFG | cpu0/mem_wb0/wb_rd_addr_reg[1]_4[0]                                 | rst_repN_9                              |                1 |              5 |
|  EXCLK_IBUF_BUFG | cpu0/mem_wb0/wb_rd_enable_reg_1[0]                                  | rst_repN_9                              |                2 |              5 |
|  EXCLK_IBUF_BUFG | cpu0/mem_wb0/wb_rd_addr_reg[0]_0[0]                                 | rst_repN                                |                2 |              5 |
|  EXCLK_IBUF_BUFG | cpu0/mem_wb0/wb_rd_addr_reg[2]_2[0]                                 | rst_repN_12                             |                2 |              5 |
|  EXCLK_IBUF_BUFG | cpu0/mem_wb0/E[0]                                                   | rst_repN_12                             |                2 |              5 |
|  EXCLK_IBUF_BUFG | cpu0/mem_wb0/wb_rd_addr_reg[1]_3[0]                                 | rst_repN_11                             |                1 |              5 |
|  EXCLK_IBUF_BUFG | cpu0/mem_wb0/wb_rd_enable_reg_2[0]                                  | rst_repN                                |                2 |              5 |
|  EXCLK_IBUF_BUFG | cpu0/mem_wb0/wb_rd_addr_reg[2]_0[0]                                 | rst_repN_9                              |                1 |              5 |
|  EXCLK_IBUF_BUFG | cpu0/mem_wb0/wb_rd_addr_reg[2]_0[0]                                 | rst_repN_10                             |                2 |              5 |
|  EXCLK_IBUF_BUFG | cpu0/mem_wb0/wb_rd_addr_reg[0]_0[0]                                 | rst_repN_12                             |                3 |              5 |
|  EXCLK_IBUF_BUFG | cpu0/mem_wb0/wb_rd_addr_reg[2]_2[0]                                 | rst_repN_10                             |                4 |              5 |
|  EXCLK_IBUF_BUFG | cpu0/mem_wb0/wb_rd_addr_reg[1]_2[0]                                 | rst_repN_1                              |                4 |              5 |
|  EXCLK_IBUF_BUFG | cpu0/mem_wb0/wb_rd_addr_reg[1]_6[0]                                 | rst_repN_12                             |                2 |              5 |
|  EXCLK_IBUF_BUFG | cpu0/mem_wb0/wb_rd_addr_reg[2]_0[0]                                 | rst_repN_11                             |                2 |              5 |
|  EXCLK_IBUF_BUFG | cpu0/mem_wb0/wb_rd_addr_reg[1]_2[0]                                 | rst_repN_10                             |                5 |              5 |
|  EXCLK_IBUF_BUFG | cpu0/mem_wb0/wb_rd_addr_reg[1]_2[0]                                 | rst_repN_11                             |                5 |              5 |
|  EXCLK_IBUF_BUFG | cpu0/mem_wb0/wb_rd_addr_reg[1]_2[0]                                 | rst_repN_12                             |                4 |              5 |
|  EXCLK_IBUF_BUFG | cpu0/mem_wb0/wb_rd_enable_reg_2[0]                                  | rst_repN_9                              |                2 |              5 |
|  EXCLK_IBUF_BUFG | cpu0/mem_wb0/wb_rd_enable_reg_2[0]                                  | rst_repN_10                             |                1 |              5 |
|  EXCLK_IBUF_BUFG | cpu0/mem_wb0/wb_rd_enable_reg_2[0]                                  | rst_repN_11                             |                2 |              5 |
|  EXCLK_IBUF_BUFG | cpu0/mem_wb0/wb_rd_enable_reg_5[0]                                  | rst_repN_9                              |                1 |              5 |
|  EXCLK_IBUF_BUFG | cpu0/mem_wb0/wb_rd_enable_reg_6[0]                                  | rst_repN_9                              |                4 |              5 |
|  EXCLK_IBUF_BUFG | cpu0/mem_wb0/wb_rd_addr_reg[1]_0[0]                                 | rst_repN_11                             |                3 |              5 |
|  EXCLK_IBUF_BUFG | cpu0/mem_wb0/wb_rd_enable_reg_6[0]                                  | rst_repN_11                             |                1 |              5 |
|  EXCLK_IBUF_BUFG | cpu0/mem_wb0/wb_rd_enable_reg_6[0]                                  | rst_repN_12                             |                4 |              5 |
|  EXCLK_IBUF_BUFG | cpu0/mem_ctrl0/status_mem_reg[1]_0[0]                               | rst_repN_1                              |                1 |              5 |
|  EXCLK_IBUF_BUFG | cpu0/mem_wb0/wb_rd_addr_reg[1]_0[0]                                 | rst_repN_10                             |                2 |              5 |
|  EXCLK_IBUF_BUFG | cpu0/mem_wb0/wb_rd_addr_reg[1]_0[0]                                 | rst_repN_9                              |                2 |              5 |
|  EXCLK_IBUF_BUFG | cpu0/mem_wb0/wb_rd_addr_reg[1]_1[0]                                 | rst_repN_10                             |                2 |              5 |
|  EXCLK_IBUF_BUFG | cpu0/mem_wb0/wb_rd_enable_reg_8[0]                                  | rst_repN_9                              |                1 |              5 |
|  EXCLK_IBUF_BUFG | hci0/uart_blk/uart_rx_fifo/FSM_sequential_q_state_reg[0]            | rst_repN_5                              |                2 |              5 |
|  EXCLK_IBUF_BUFG | cpu0/mem_wb0/wb_rd_enable_reg_8[0]                                  | rst_repN_11                             |                2 |              5 |
|  EXCLK_IBUF_BUFG | cpu0/mem_wb0/wb_rd_addr_reg[2]_7[0]                                 | rst_repN_9                              |                4 |              5 |
|  EXCLK_IBUF_BUFG | cpu0/mem_wb0/wb_rd_addr_reg[1]_1[0]                                 | rst_repN_9                              |                2 |              5 |
|  EXCLK_IBUF_BUFG | cpu0/mem_wb0/wb_rd_enable_reg_4[0]                                  | rst_repN_1                              |                3 |              5 |
|  EXCLK_IBUF_BUFG | cpu0/mem_wb0/wb_rd_addr_reg[3]_0[0]                                 | rst_repN_10                             |                4 |              5 |
|  EXCLK_IBUF_BUFG | hci0/uart_blk/uart_rx_blk/q_state[4]_i_1__0_n_0                     | rst_repN_6                              |                2 |              5 |
|  EXCLK_IBUF_BUFG | cpu0/mem_wb0/wb_rd_addr_reg[2]_6[0]                                 | rst_repN_12                             |                2 |              5 |
|  EXCLK_IBUF_BUFG | hci0/uart_blk/uart_tx_blk/q_state[4]_i_1_n_0                        | rst_repN_6                              |                1 |              5 |
|  EXCLK_IBUF_BUFG | cpu0/ctrl0/stall[0]                                                 | rst_repN_1                              |                2 |              5 |
|  EXCLK_IBUF_BUFG | cpu0/mem_wb0/wb_rd_addr_reg[1]_5[0]                                 | rst_repN_11                             |                4 |              6 |
|  EXCLK_IBUF_BUFG | cpu0/mem_wb0/wb_rd_enable_reg_1[0]                                  | rst_repN                                |                3 |              6 |
|  EXCLK_IBUF_BUFG | cpu0/mem_wb0/wb_rd_addr_reg[1]_3[0]                                 | rst_repN                                |                1 |              6 |
|  EXCLK_IBUF_BUFG |                                                                     | rst_repN_1                              |                3 |              6 |
|  EXCLK_IBUF_BUFG | cpu0/mem_wb0/wb_rd_addr_reg[0]_1[0]                                 | rst_repN_11                             |                3 |              6 |
|  EXCLK_IBUF_BUFG |                                                                     | rst_repN_4                              |                2 |              6 |
|  EXCLK_IBUF_BUFG | cpu0/mem_wb0/wb_rd_addr_reg[2]_1[0]                                 | rst_repN_12                             |                4 |              6 |
|  EXCLK_IBUF_BUFG | cpu0/mem_wb0/wb_rd_addr_reg[1]_5[0]                                 | rst_repN_12                             |                4 |              6 |
|  EXCLK_IBUF_BUFG | cpu0/mem_wb0/wb_rd_addr_reg[2]_2[0]                                 | rst_repN_11                             |                4 |              6 |
|  EXCLK_IBUF_BUFG | cpu0/mem_wb0/wb_rd_enable_reg_2[0]                                  | rst_repN_12                             |                2 |              6 |
|  EXCLK_IBUF_BUFG | cpu0/mem_wb0/wb_rd_enable_reg_7[0]                                  | rst_repN_12                             |                2 |              6 |
|  EXCLK_IBUF_BUFG | cpu0/mem_wb0/wb_rd_enable_reg_8[0]                                  | rst_repN_12                             |                3 |              6 |
|  EXCLK_IBUF_BUFG | cpu0/mem_wb0/wb_rd_enable_reg_7[0]                                  | rst_repN_11                             |                4 |              6 |
|  EXCLK_IBUF_BUFG | cpu0/mem_wb0/wb_rd_addr_reg[3]_0[0]                                 | rst_repN_9                              |                3 |              6 |
|  EXCLK_IBUF_BUFG | cpu0/mem_wb0/wb_rd_enable_reg_4[0]                                  | rst_repN_9                              |                4 |              6 |
|  EXCLK_IBUF_BUFG | cpu0/mem_wb0/wb_rd_enable_reg_3[0]                                  | rst_repN_9                              |                2 |              6 |
|  EXCLK_IBUF_BUFG | cpu0/mem_wb0/wb_rd_enable_reg_3[0]                                  | rst_repN_12                             |                2 |              6 |
|  EXCLK_IBUF_BUFG | cpu0/mem_wb0/wb_rd_addr_reg[0]_0[0]                                 | rst_repN_9                              |                3 |              6 |
|  EXCLK_IBUF_BUFG | cpu0/mem_wb0/wb_rd_addr_reg[1]_4[0]                                 | rst_repN_11                             |                1 |              6 |
|  EXCLK_IBUF_BUFG | cpu0/mem_wb0/wb_rd_addr_reg[1]_1[0]                                 | rst_repN_11                             |                4 |              6 |
|  EXCLK_IBUF_BUFG | cpu0/mem_wb0/wb_rd_addr_reg[1]_2[0]                                 | rst_repN_9                              |                6 |              6 |
|  EXCLK_IBUF_BUFG | cpu0/mem_wb0/wb_rd_addr_reg[0]_2[0]                                 | rst_repN                                |                5 |              6 |
|  EXCLK_IBUF_BUFG | cpu0/mem_wb0/wb_rd_addr_reg[3]_0[0]                                 | rst_repN_12                             |                3 |              6 |
|  EXCLK_IBUF_BUFG | cpu0/mem_wb0/wb_rd_addr_reg[1]_1[0]                                 | rst_repN_12                             |                3 |              6 |
|  EXCLK_IBUF_BUFG | cpu0/mem_wb0/wb_rd_addr_reg[2]_7[0]                                 | rst_repN_12                             |                1 |              6 |
|  EXCLK_IBUF_BUFG | cpu0/mem_wb0/E[0]                                                   | rst_repN_11                             |                3 |              6 |
|  EXCLK_IBUF_BUFG | cpu0/mem_wb0/wb_rd_addr_reg[1]_5[0]                                 | rst_repN                                |                2 |              6 |
|  EXCLK_IBUF_BUFG | cpu0/mem_wb0/wb_rd_addr_reg[1]_4[0]                                 | rst_repN                                |                4 |              6 |
|  EXCLK_IBUF_BUFG | hci0/uart_blk/uart_rx_fifo/E[1]                                     | rst_repN_5                              |                2 |              6 |
|  EXCLK_IBUF_BUFG | cpu0/mem_wb0/wb_rd_addr_reg[2]_7[0]                                 | rst_repN                                |                5 |              6 |
|  EXCLK_IBUF_BUFG | cpu0/mem_wb0/wb_rd_enable_reg_0[0]                                  | rst_repN_11                             |                3 |              6 |
|  EXCLK_IBUF_BUFG | cpu0/mem_wb0/wb_rd_enable_reg_0[0]                                  | rst_repN_12                             |                4 |              6 |
|  EXCLK_IBUF_BUFG | cpu0/mem_wb0/wb_rd_enable_reg_5[0]                                  | rst_repN                                |                2 |              7 |
|  EXCLK_IBUF_BUFG | cpu0/mem_wb0/wb_rd_addr_reg[2]_0[0]                                 | rst_repN_12                             |                1 |              7 |
|  EXCLK_IBUF_BUFG | cpu0/mem_wb0/wb_rd_addr_reg[0]_3[0]                                 | rst_repN                                |                3 |              7 |
|  EXCLK_IBUF_BUFG | cpu0/mem_wb0/wb_rd_addr_reg[0]_3[0]                                 | rst_repN_11                             |                2 |              7 |
|  EXCLK_IBUF_BUFG | cpu0/mem_wb0/wb_rd_addr_reg[2]_4[0]                                 | rst_repN                                |                5 |              7 |
|  EXCLK_IBUF_BUFG | cpu0/mem_wb0/wb_rd_addr_reg[2]_5[0]                                 | rst_repN_12                             |                3 |              7 |
|  EXCLK_IBUF_BUFG | cpu0/mem_wb0/wb_rd_enable_reg_5[0]                                  | rst_repN_12                             |                1 |              7 |
|  EXCLK_IBUF_BUFG | cpu0/mem_wb0/wb_rd_addr_reg[1]_3[0]                                 | rst_repN_12                             |                3 |              7 |
|  EXCLK_IBUF_BUFG | cpu0/mem_wb0/wb_rd_addr_reg[1]_6[0]                                 | rst_repN_11                             |                2 |              7 |
|  EXCLK_IBUF_BUFG | cpu0/mem_wb0/wb_rd_addr_reg[1]_6[0]                                 | rst_repN                                |                4 |              7 |
|  EXCLK_IBUF_BUFG | cpu0/mem_wb0/wb_rd_addr_reg[1]_0[0]                                 | rst_repN_12                             |                5 |              7 |
|  EXCLK_IBUF_BUFG | cpu0/mem_wb0/wb_rd_enable_reg_8[0]                                  | rst_repN                                |                2 |              7 |
|  EXCLK_IBUF_BUFG | cpu0/mem_wb0/wb_rd_enable_reg_1[0]                                  | rst_repN_12                             |                3 |              7 |
|  EXCLK_IBUF_BUFG | cpu0/mem_wb0/wb_rd_addr_reg[2]_6[0]                                 | rst_repN                                |                2 |              7 |
|  EXCLK_IBUF_BUFG | cpu0/mem_wb0/wb_rd_addr_reg[0]_2[0]                                 | rst_repN_12                             |                2 |              7 |
|  EXCLK_IBUF_BUFG | cpu0/mem_wb0/wb_rd_addr_reg[2]_3[0]                                 | rst_repN_12                             |                3 |              7 |
|  EXCLK_IBUF_BUFG | hci0/uart_blk/uart_tx_blk/rd_en_prot                                | rst_repN_4                              |                3 |              7 |
|  EXCLK_IBUF_BUFG | cpu0/mem_ctrl0/data_to_mem[7]_i_1_n_0                               |                                         |                6 |              8 |
|  EXCLK_IBUF_BUFG | hci0/uart_blk/uart_rx_fifo/q_decode_cnt_reg[0]                      | rst_repN_8                              |                4 |              8 |
|  EXCLK_IBUF_BUFG | cpu0/mem_wb0/wb_rd_enable_reg_6[0]                                  | rst_repN                                |                2 |              8 |
|  EXCLK_IBUF_BUFG | hci0/uart_blk/uart_rx_fifo/E[0]                                     | rst_repN_6                              |                5 |              8 |
|  EXCLK_IBUF_BUFG | cpu0/mem_ctrl0/data_out[31]_i_2_n_0                                 | cpu0/mem_ctrl0/data_out[31]_i_1_n_0     |                3 |              8 |
|  EXCLK_IBUF_BUFG |                                                                     | cpu0/mem_ctrl0/SR[0]                    |                5 |              8 |
|  EXCLK_IBUF_BUFG |                                                                     | hci0/uart_blk/uart_rx_fifo/SR[0]        |                2 |              8 |
|  EXCLK_IBUF_BUFG |                                                                     | hci0/uart_blk/uart_rx_fifo/rst_reg_0[0] |                4 |              8 |
|  EXCLK_IBUF_BUFG | cpu0/mem_wb0/wb_rd_addr_reg[2]_3[0]                                 | rst_repN                                |                2 |              8 |
|  EXCLK_IBUF_BUFG | cpu0/mem_wb0/wb_rd_addr_reg[2]_5[0]                                 | rst_repN                                |                4 |              8 |
|  EXCLK_IBUF_BUFG | hci0/uart_blk/uart_tx_blk/d_data                                    | rst_repN_6                              |                2 |              8 |
|  EXCLK_IBUF_BUFG | cpu0/mem_ctrl0/data_out[23]_i_2_n_0                                 | cpu0/mem_ctrl0/data_out[23]_i_1_n_0     |                3 |              8 |
|  EXCLK_IBUF_BUFG | cpu0/mem_ctrl0/data_out[15]_i_2_n_0                                 | cpu0/mem_ctrl0/data_out[15]_i_1_n_0     |                3 |              8 |
|  EXCLK_IBUF_BUFG | cpu0/mem_ctrl0/data_out[7]_i_2_n_0                                  | cpu0/mem_ctrl0/data_out[7]_i_1_n_0      |                3 |              8 |
|  EXCLK_IBUF_BUFG | cpu0/ctrl0/stall[0]                                                 | rst_repN_7                              |                6 |              8 |
|  EXCLK_IBUF_BUFG | hci0/uart_blk/uart_rx_blk/d_data                                    | rst_repN_6                              |                2 |              8 |
|  EXCLK_IBUF_BUFG | cpu0/mem_ctrl0/status_mem_reg[1]_0[0]                               | rst_repN_2                              |                4 |              9 |
|  EXCLK_IBUF_BUFG | cpu0/mem_ctrl0/status_mem_reg[1]_0[0]                               | rst_repN_3                              |                4 |              9 |
|  EXCLK_IBUF_BUFG | cpu0/mem_wb0/wb_rd_addr_reg[2]_8[0]                                 | rst_repN                                |                5 |              9 |
|  EXCLK_IBUF_BUFG | cpu0/ctrl0/stall[0]                                                 | rst_repN_5                              |                7 |              9 |
|  EXCLK_IBUF_BUFG | hci0/io_in_fifo/wr_en_prot                                          | rst_repN_6                              |                3 |             10 |
|  EXCLK_IBUF_BUFG | hci0/io_in_fifo/rd_en_prot                                          | rst_repN_6                              |                2 |             10 |
|  EXCLK_IBUF_BUFG | hci0/uart_blk/uart_tx_fifo/wr_en_prot                               | rst_repN_4                              |                3 |             10 |
|  EXCLK_IBUF_BUFG |                                                                     |                                         |                9 |             11 |
|  EXCLK_IBUF_BUFG | hci0/io_in_fifo/q_data_array_reg_960_1023_0_2_i_1_n_0               |                                         |                3 |             12 |
|  EXCLK_IBUF_BUFG | hci0/io_in_fifo/q_data_array_reg_384_447_0_2_i_1_n_0                |                                         |                3 |             12 |
|  EXCLK_IBUF_BUFG | hci0/io_in_fifo/q_data_array_reg_320_383_0_2_i_1_n_0                |                                         |                3 |             12 |
|  EXCLK_IBUF_BUFG | hci0/io_in_fifo/q_data_array_reg_576_639_0_2_i_1_n_0                |                                         |                3 |             12 |
|  EXCLK_IBUF_BUFG | hci0/io_in_fifo/q_data_array_reg_512_575_0_2_i_1_n_0                |                                         |                3 |             12 |
|  EXCLK_IBUF_BUFG | hci0/io_in_fifo/q_data_array_reg_64_127_0_2_i_1_n_0                 |                                         |                3 |             12 |
|  EXCLK_IBUF_BUFG | hci0/io_in_fifo/q_data_array_reg_640_703_0_2_i_1_n_0                |                                         |                3 |             12 |
|  EXCLK_IBUF_BUFG | hci0/io_in_fifo/q_data_array_reg_448_511_0_2_i_1_n_0                |                                         |                3 |             12 |
|  EXCLK_IBUF_BUFG | hci0/io_in_fifo/q_data_array_reg_0_63_0_2_i_1_n_0                   |                                         |                3 |             12 |
|  EXCLK_IBUF_BUFG | hci0/io_in_fifo/q_data_array_reg_128_191_0_2_i_1_n_0                |                                         |                3 |             12 |
|  EXCLK_IBUF_BUFG | hci0/io_in_fifo/q_data_array_reg_192_255_0_2_i_1_n_0                |                                         |                3 |             12 |
|  EXCLK_IBUF_BUFG | hci0/io_in_fifo/q_data_array_reg_256_319_0_2_i_1_n_0                |                                         |                3 |             12 |
|  EXCLK_IBUF_BUFG | cpu0/ctrl0/stall[0]                                                 | rst_repN_2                              |                4 |             12 |
|  EXCLK_IBUF_BUFG | hci0/uart_blk/uart_tx_fifo/q_data_array_reg_0_63_0_2_i_1__0_n_0     |                                         |                3 |             12 |
|  EXCLK_IBUF_BUFG | hci0/uart_blk/uart_tx_fifo/q_data_array_reg_128_191_0_2_i_1__0_n_0  |                                         |                3 |             12 |
|  EXCLK_IBUF_BUFG | hci0/uart_blk/uart_tx_fifo/q_data_array_reg_192_255_0_2_i_1__0_n_0  |                                         |                3 |             12 |
|  EXCLK_IBUF_BUFG | hci0/uart_blk/uart_tx_fifo/q_data_array_reg_320_383_0_2_i_1__0_n_0  |                                         |                3 |             12 |
|  EXCLK_IBUF_BUFG | hci0/uart_blk/uart_tx_fifo/q_data_array_reg_448_511_0_2_i_1__0_n_0  |                                         |                3 |             12 |
|  EXCLK_IBUF_BUFG | hci0/uart_blk/uart_tx_fifo/q_data_array_reg_640_703_0_2_i_1__0_n_0  |                                         |                3 |             12 |
|  EXCLK_IBUF_BUFG | hci0/uart_blk/uart_tx_fifo/q_data_array_reg_512_575_0_2_i_1__0_n_0  |                                         |                3 |             12 |
|  EXCLK_IBUF_BUFG | hci0/uart_blk/uart_tx_fifo/q_data_array_reg_384_447_0_2_i_1__0_n_0  |                                         |                3 |             12 |
|  EXCLK_IBUF_BUFG | hci0/uart_blk/uart_tx_fifo/q_data_array_reg_256_319_0_2_i_1__0_n_0  |                                         |                3 |             12 |
|  EXCLK_IBUF_BUFG | hci0/uart_blk/uart_tx_fifo/q_data_array_reg_576_639_0_2_i_1__0_n_0  |                                         |                3 |             12 |
|  EXCLK_IBUF_BUFG | hci0/uart_blk/uart_tx_fifo/q_data_array_reg_832_895_0_2_i_1__0_n_0  |                                         |                3 |             12 |
|  EXCLK_IBUF_BUFG | hci0/uart_blk/uart_tx_fifo/q_data_array_reg_768_831_0_2_i_1__0_n_0  |                                         |                3 |             12 |
|  EXCLK_IBUF_BUFG | hci0/uart_blk/uart_tx_fifo/q_data_array_reg_896_959_0_2_i_1__0_n_0  |                                         |                3 |             12 |
|  EXCLK_IBUF_BUFG | hci0/uart_blk/uart_tx_fifo/q_data_array_reg_960_1023_0_2_i_1__0_n_0 |                                         |                3 |             12 |
|  EXCLK_IBUF_BUFG | hci0/uart_blk/uart_tx_fifo/q_data_array_reg_64_127_0_2_i_1__0_n_0   |                                         |                3 |             12 |
|  EXCLK_IBUF_BUFG | hci0/uart_blk/uart_tx_fifo/q_data_array_reg_704_767_0_2_i_1__0_n_0  |                                         |                3 |             12 |
|  EXCLK_IBUF_BUFG | cpu0/mem_ctrl0/status_mem_reg[1]_0[0]                               | rst_repN_4                              |                5 |             12 |
|  EXCLK_IBUF_BUFG | hci0/io_in_fifo/q_data_array_reg_832_895_0_2_i_1_n_0                |                                         |                3 |             12 |
|  EXCLK_IBUF_BUFG | hci0/io_in_fifo/q_data_array_reg_768_831_0_2_i_1_n_0                |                                         |                3 |             12 |
|  EXCLK_IBUF_BUFG | hci0/io_in_fifo/q_data_array_reg_896_959_0_2_i_1_n_0                |                                         |                3 |             12 |
|  EXCLK_IBUF_BUFG | hci0/io_in_fifo/q_data_array_reg_704_767_0_2_i_1_n_0                |                                         |                3 |             12 |
|  EXCLK_IBUF_BUFG |                                                                     | btnC_IBUF                               |               11 |             15 |
|  EXCLK_IBUF_BUFG | hci0/uart_blk/uart_rx_blk/p_0_in                                    |                                         |                2 |             16 |
|  EXCLK_IBUF_BUFG | cpu0/mem_ctrl0/rst_reg_2[0]                                         | rst_repN_1                              |                9 |             17 |
|  EXCLK_IBUF_BUFG | cpu0/mem_ctrl0/rst_reg_2[0]                                         | rst_repN_2                              |               10 |             18 |
|  EXCLK_IBUF_BUFG | cpu0/mem_ctrl0/addr_to_mem[17]_i_1_n_0                              |                                         |               11 |             18 |
|  EXCLK_IBUF_BUFG | cpu0/mem_ctrl0/q[3]_i_1_n_0                                         | cpu0/mem_ctrl0/q[31]_i_1_n_0            |                8 |             28 |
|  EXCLK_IBUF_BUFG |                                                                     | rst_repN_5                              |               14 |             29 |
|  EXCLK_IBUF_BUFG | cpu0/mem_ctrl0/cache0/E[0]                                          | rst_repN_2                              |                8 |             31 |
|  EXCLK_IBUF_BUFG | cpu0/if_id0/id_prediction[31]_i_1_n_0                               |                                         |                8 |             31 |
|  EXCLK_IBUF_BUFG | cpu0/mem_ctrl0/count[31]_i_2_n_0                                    | cpu0/mem_ctrl0/count[31]_i_1_n_0        |                9 |             32 |
|  EXCLK_IBUF_BUFG | hci0/sel                                                            | rst_repN_6                              |                8 |             32 |
|  EXCLK_IBUF_BUFG | cpu0/mem_ctrl0/rst_reg_2[0]                                         | cpu0/mem_ctrl0/rst_reg_3[0]             |               11 |             38 |
|  EXCLK_IBUF_BUFG | cpu0/mem_ctrl0/rst_reg_2[0]                                         | rst_repN_4                              |               20 |             50 |
|  EXCLK_IBUF_BUFG | cpu0/mem_ctrl0/_stallreq_reg_1[0]                                   |                                         |               23 |             62 |
|  EXCLK_IBUF_BUFG | cpu0/ctrl0/stall[0]                                                 | cpu0/mem_ctrl0/_stallreq_reg_0[0]       |               14 |             63 |
|  EXCLK_IBUF_BUFG |                                                                     | rst_repN_6                              |               32 |             70 |
|  EXCLK_IBUF_BUFG | cpu0/mem_ctrl0/rst_reg_2[0]                                         | rst_repN_3                              |               38 |             85 |
|  EXCLK_IBUF_BUFG |                                                                     | rst_repN_8                              |               29 |             97 |
|  EXCLK_IBUF_BUFG |                                                                     | rst_repN_7                              |               45 |            139 |
|  EXCLK_IBUF_BUFG | cpu0/mem_ctrl0/cache0/entry_reg_0_255_0_0_i_1_n_0                   |                                         |               39 |            156 |
+------------------+---------------------------------------------------------------------+-----------------------------------------+------------------+----------------+


